secondA
one thousand secondB
Ordinal example...
two
