zero
tre
tredici
ventitré
trentatré
trecentotré
tremilatré
